\BOOKMARK [1][-]{section.1}{\376\377\000I\000n\000t\000r\000o\000d\000u\000c\000t\000i\000o\000n}{}% 1
\BOOKMARK [1][-]{section.2}{\376\377\000P\000r\000e\000l\000i\000m\000i\000n\000a\000r\000y}{}% 2
\BOOKMARK [2][-]{subsection.2.1}{\376\377\000E\000n\000d\000-\000E\000d\000g\000e\000-\000C\000l\000o\000u\000d\000\040\000C\000o\000l\000l\000a\000b\000o\000r\000a\000t\000i\000o\000n}{section.2}% 3
\BOOKMARK [2][-]{subsection.2.2}{\376\377\000H\000i\000e\000r\000a\000r\000c\000h\000i\000c\000a\000l\000\040\000F\000e\000d\000e\000r\000a\000t\000e\000d\000\040\000L\000e\000a\000r\000n\000i\000n\000g\000\040\000E\000m\000p\000o\000w\000e\000r\000e\000d\000\040\000b\000y\000\040\000E\000n\000d\000-\000E\000d\000g\000e\000-\000C\000l\000o\000u\000d\000\040\000C\000o\000l\000l\000a\000b\000o\000r\000a\000t\000i\000o\000n}{section.2}% 4
\BOOKMARK [2][-]{subsection.2.3}{\376\377\000I\000n\000t\000e\000r\000a\000c\000t\000i\000o\000n\000\040\000P\000r\000o\000t\000o\000c\000o\000l\000s\000\040\000i\000n\000\040\000F\000e\000d\000e\000r\000a\000t\000e\000d\000\040\000L\000e\000a\000r\000n\000i\000n\000g}{section.2}% 5
\BOOKMARK [1][-]{section.3}{\376\377\000M\000o\000t\000i\000v\000a\000t\000i\000o\000n}{}% 6
\BOOKMARK [2][-]{subsection.3.1}{\376\377\000K\000n\000o\000w\000l\000e\000d\000g\000e\000\040\000A\000g\000g\000l\000o\000m\000e\000r\000a\000t\000i\000o\000n}{section.3}% 7
\BOOKMARK [2][-]{subsection.3.2}{\376\377\000K\000n\000o\000w\000l\000e\000d\000g\000e\000\040\000R\000e\000c\000t\000i\000f\000i\000c\000a\000t\000i\000o\000n}{section.3}% 8
\BOOKMARK [1][-]{section.4}{\376\377\000E\000n\000d\000-\000E\000d\000g\000e\000-\000C\000l\000o\000u\000d\000\040\000F\000e\000d\000e\000r\000a\000t\000e\000d\000\040\000L\000e\000a\000r\000n\000i\000n\000g\000\040\000w\000i\000t\000h\000\040\000S\000e\000l\000f\000-\000R\000e\000c\000t\000i\000f\000i\000e\000d\000\040\000K\000n\000o\000w\000l\000e\000d\000g\000e\000\040\000A\000g\000g\000l\000o\000m\000e\000r\000a\000t\000i\000o\000n}{}% 9
\BOOKMARK [2][-]{subsection.4.1}{\376\377\000F\000r\000a\000m\000e\000w\000o\000r\000k\000\040\000O\000v\000e\000r\000v\000i\000e\000w}{section.4}% 10
\BOOKMARK [2][-]{subsection.4.2}{\376\377\000B\000r\000i\000d\000g\000e\000\040\000S\000a\000m\000p\000l\000e\000\040\000B\000a\000s\000e\000d\000\040\000O\000n\000l\000i\000n\000e\000\040\000D\000i\000s\000t\000i\000l\000l\000a\000t\000i\000o\000n\000\040\000P\000r\000o\000t\000o\000c\000o\000l}{section.4}% 11
\BOOKMARK [2][-]{subsection.4.3}{\376\377\000S\000e\000l\000f\000-\000K\000n\000o\000w\000l\000e\000d\000g\000e\000\040\000R\000e\000c\000t\000i\000f\000i\000c\000a\000t\000i\000o\000n}{section.4}% 12
\BOOKMARK [3][-]{subsubsection.4.3.1}{\376\377\000M\000i\000s\000l\000e\000a\000d\000i\000n\000g\000\040\000C\000l\000a\000s\000s\000\040\000P\000r\000o\000b\000a\000b\000i\000l\000i\000t\000i\000e\000s\000\040\000I\000d\000e\000n\000t\000i\000f\000i\000c\000a\000t\000i\000o\000n}{subsection.4.3}% 13
\BOOKMARK [3][-]{subsubsection.4.3.2}{\376\377\000K\000n\000o\000w\000l\000e\000d\000g\000e\000\040\000Q\000u\000e\000u\000e\000s}{subsection.4.3}% 14
\BOOKMARK [3][-]{subsubsection.4.3.3}{\376\377\000K\000n\000o\000w\000l\000e\000d\000g\000e\000\040\000R\000e\000c\000t\000i\000f\000i\000c\000a\000t\000i\000o\000n\000\040\000f\000o\000r\000\040\000L\000a\000b\000e\000l\000-\000r\000e\000l\000e\000v\000a\000n\000t\000\040\000C\000l\000a\000s\000s\000e\000s}{subsection.4.3}% 15
\BOOKMARK [3][-]{subsubsection.4.3.4}{\376\377\000K\000n\000o\000w\000l\000e\000d\000g\000e\000\040\000R\000e\000c\000t\000i\000f\000i\000c\000a\000t\000i\000o\000n\000\040\000f\000o\000r\000\040\000N\000o\000n\000-\000l\000a\000b\000e\000l\000\040\000C\000l\000a\000s\000s\000e\000s}{subsection.4.3}% 16
\BOOKMARK [3][-]{subsubsection.4.3.5}{\376\377\000A\000p\000p\000l\000i\000c\000a\000t\000i\000o\000n\000\040\000o\000f\000\040\000S\000K\000R\000\040\000i\000n\000\040\000B\000S\000B\000O\000D\000P}{subsection.4.3}% 17
\BOOKMARK [2][-]{subsection.4.4}{\376\377\000R\000e\000c\000u\000r\000s\000i\000v\000e\000\040\000A\000g\000g\000l\000o\000m\000e\000r\000a\000t\000i\000o\000n\000\040\000i\000n\000\040\000E\000n\000d\000-\000E\000d\000g\000e\000-\000C\000l\000o\000u\000d\000\040\000N\000e\000t\000w\000o\000r\000k\000s}{section.4}% 18
\BOOKMARK [2][-]{subsection.4.5}{\376\377\000D\000e\000p\000l\000o\000y\000m\000e\000n\000t\000\040\000F\000l\000e\000x\000i\000b\000i\000l\000i\000t\000y\000\040\000G\000u\000a\000r\000a\000n\000t\000e\000e\000s\000\040\000i\000n\000\040\000E\000n\000d\000-\000E\000d\000g\000e\000-\000C\000l\000o\000u\000d\000\040\000N\000e\000t\000w\000o\000r\000k}{section.4}% 19
\BOOKMARK [1][-]{section.5}{\376\377\000E\000x\000p\000e\000r\000i\000m\000e\000n\000t\000s}{}% 20
\BOOKMARK [2][-]{subsection.5.1}{\376\377\000E\000x\000p\000e\000r\000i\000m\000e\000n\000t\000\040\000S\000e\000t\000u\000p}{section.5}% 21
\BOOKMARK [3][-]{subsubsection.5.1.1}{\376\377\000H\000a\000r\000d\000w\000a\000r\000e\000\040\000a\000n\000d\000\040\000S\000o\000f\000t\000w\000a\000r\000e\000\040\000P\000l\000a\000t\000f\000o\000r\000m\000s}{subsection.5.1}% 22
\BOOKMARK [3][-]{subsubsection.5.1.2}{\376\377\000B\000a\000s\000i\000c\000\040\000S\000e\000t\000t\000i\000n\000g\000s}{subsection.5.1}% 23
\BOOKMARK [3][-]{subsubsection.5.1.3}{\376\377\000B\000a\000s\000e\000l\000i\000n\000e\000\040\000A\000l\000g\000o\000r\000i\000t\000h\000m\000s}{subsection.5.1}% 24
\BOOKMARK [2][-]{subsection.5.2}{\376\377\000I\000m\000p\000l\000e\000m\000e\000n\000t\000a\000t\000i\000o\000n\000\040\000D\000e\000t\000a\000i\000l\000s}{section.5}% 25
\BOOKMARK [3][-]{subsubsection.5.2.1}{\376\377\000S\000i\000m\000u\000l\000a\000t\000i\000n\000g\000\040\000N\000o\000n\000-\000I\000I\000D\000\040\000D\000a\000t\000a\000\040\000D\000i\000s\000t\000r\000i\000b\000u\000t\000i\000o\000n}{subsection.5.2}% 26
\BOOKMARK [3][-]{subsubsection.5.2.2}{\376\377\000S\000c\000a\000l\000i\000n\000g\000\040\000A\000c\000r\000o\000s\000s\000\040\000V\000a\000r\000y\000i\000n\000g\000\040\000N\000u\000m\000b\000e\000r\000\040\000o\000f\000\040\000D\000e\000v\000i\000c\000e\000s}{subsection.5.2}% 27
\BOOKMARK [3][-]{subsubsection.5.2.3}{\376\377\000H\000i\000e\000r\000a\000r\000c\000h\000i\000c\000a\000l\000\040\000M\000o\000d\000e\000l\000\040\000D\000e\000p\000l\000o\000y\000m\000e\000n\000t}{subsection.5.2}% 28
\BOOKMARK [3][-]{subsubsection.5.2.4}{\376\377\000B\000a\000s\000e\000l\000i\000n\000e\000\040\000C\000o\000m\000p\000a\000r\000i\000s\000o\000n\000s}{subsection.5.2}% 29
\BOOKMARK [3][-]{subsubsection.5.2.5}{\376\377\000H\000y\000p\000e\000r\000p\000a\000r\000a\000m\000e\000t\000e\000r\000s}{subsection.5.2}% 30
\BOOKMARK [2][-]{subsection.5.3}{\376\377\000E\000v\000a\000l\000u\000a\000t\000i\000o\000n\000\040\000R\000e\000s\000u\000l\000t\000s}{section.5}% 31
\BOOKMARK [3][-]{subsubsection.5.3.1}{\376\377\000P\000e\000r\000f\000o\000r\000m\000a\000n\000c\000e\000\040\000A\000c\000r\000o\000s\000s\000\040\000D\000i\000f\000f\000e\000r\000e\000n\000t\000\040\000D\000a\000t\000a\000s\000e\000t\000s}{subsection.5.3}% 32
\BOOKMARK [3][-]{subsubsection.5.3.2}{\376\377\000P\000e\000r\000f\000o\000r\000m\000a\000n\000c\000e\000\040\000A\000c\000r\000o\000s\000s\000\040\000D\000i\000f\000f\000e\000r\000e\000n\000t\000\040\000N\000u\000m\000b\000e\000r\000\040\000o\000f\000\040\000C\000l\000i\000e\000n\000t\000s}{subsection.5.3}% 33
\BOOKMARK [3][-]{subsubsection.5.3.3}{\376\377\000E\000f\000f\000e\000c\000t\000i\000v\000e\000n\000e\000s\000s\000\040\000o\000f\000\040\000S\000e\000l\000f\000-\000K\000n\000o\000w\000l\000e\000d\000g\000e\000\040\000R\000e\000c\000t\000i\000f\000i\000c\000a\000t\000i\000o\000n}{subsection.5.3}% 34
\BOOKMARK [3][-]{subsubsection.5.3.4}{\376\377\000C\000o\000n\000v\000e\000r\000g\000e\000n\000c\000e\000\040\000R\000a\000t\000e}{subsection.5.3}% 35
\BOOKMARK [1][-]{section.6}{\376\377\000A\000b\000l\000a\000t\000i\000o\000n\000\040\000S\000t\000u\000d\000y}{}% 36
\BOOKMARK [2][-]{subsection.6.1}{\376\377\000I\000m\000p\000a\000c\000t\000\040\000o\000f\000\040\000D\000i\000s\000t\000i\000l\000l\000a\000t\000i\000o\000n\000\040\000W\000e\000i\000g\000h\000t}{section.6}% 37
\BOOKMARK [2][-]{subsection.6.2}{\376\377\000T\000o\000l\000e\000r\000a\000n\000c\000e\000\040\000t\000o\000\040\000D\000e\000v\000i\000c\000e\000\040\000H\000e\000t\000e\000r\000o\000g\000e\000n\000e\000i\000t\000y}{section.6}% 38
\BOOKMARK [2][-]{subsection.6.3}{\376\377\000I\000m\000p\000a\000c\000t\000\040\000o\000f\000\040\000E\000d\000g\000e\000\040\000N\000u\000m\000b\000e\000r}{section.6}% 39
\BOOKMARK [1][-]{section.7}{\376\377\000D\000i\000s\000c\000u\000s\000s\000i\000o\000n\000s}{}% 40
\BOOKMARK [2][-]{subsection.7.1}{\376\377\000A\000n\000a\000l\000y\000s\000i\000s\000\040\000o\000n\000\040\000C\000o\000m\000m\000u\000n\000i\000c\000a\000t\000i\000o\000n\000\040\000O\000v\000e\000r\000h\000e\000a\000d}{section.7}% 41
\BOOKMARK [2][-]{subsection.7.2}{\376\377\000L\000i\000m\000i\000t\000a\000t\000i\000o\000n\000s}{section.7}% 42
\BOOKMARK [1][-]{section.8}{\376\377\000R\000e\000l\000a\000t\000e\000d\000\040\000W\000o\000r\000k\000s}{}% 43
\BOOKMARK [2][-]{subsection.8.1}{\376\377\000H\000i\000e\000r\000a\000r\000c\000h\000i\000c\000a\000l\000\040\000F\000e\000d\000e\000r\000a\000t\000e\000d\000\040\000L\000e\000a\000r\000n\000i\000n\000g}{section.8}% 44
\BOOKMARK [2][-]{subsection.8.2}{\376\377\000T\000r\000a\000i\000n\000i\000n\000g\000\040\000L\000a\000r\000g\000e\000r\000\040\000M\000o\000d\000e\000l\000\040\000i\000n\000\040\000F\000e\000d\000e\000r\000a\000t\000e\000d\000\040\000L\000e\000a\000r\000n\000i\000n\000g}{section.8}% 45
\BOOKMARK [2][-]{subsection.8.3}{\376\377\000K\000n\000o\000w\000l\000e\000d\000g\000e\000\040\000D\000i\000s\000t\000i\000l\000l\000a\000t\000i\000o\000n\000\040\000E\000m\000p\000o\000w\000e\000r\000e\000d\000\040\000F\000e\000d\000e\000r\000a\000t\000e\000d\000\040\000L\000e\000a\000r\000n\000i\000n\000g\000\040\000f\000o\000r\000\040\000E\000d\000g\000e\000\040\000C\000o\000m\000p\000u\000t\000i\000n\000g}{section.8}% 46
\BOOKMARK [1][-]{section.9}{\376\377\000C\000o\000n\000c\000l\000u\000s\000i\000o\000n}{}% 47
\BOOKMARK [1][-]{section*.1}{\376\377\000R\000e\000f\000e\000r\000e\000n\000c\000e\000s}{}% 48
\BOOKMARK [1][-]{IEEEbiography.0}{\376\377\000B\000i\000o\000g\000r\000a\000p\000h\000i\000e\000s}{}% 49
\BOOKMARK [2][-]{IEEEbiography.1}{\376\377\000Z\000h\000i\000y\000u\000a\000n\000\040\000W\000u}{IEEEbiography.0}% 50
\BOOKMARK [2][-]{IEEEbiography.2}{\376\377\000S\000h\000e\000n\000g\000\040\000S\000u\000n}{IEEEbiography.0}% 51
\BOOKMARK [2][-]{IEEEbiography.3}{\376\377\000Y\000u\000w\000e\000i\000\040\000W\000a\000n\000g}{IEEEbiography.0}% 52
\BOOKMARK [2][-]{IEEEbiography.4}{\376\377\000M\000i\000n\000\040\000L\000i\000u}{IEEEbiography.0}% 53
\BOOKMARK [2][-]{IEEEbiography.5}{\376\377\000K\000e\000\040\000X\000u}{IEEEbiography.0}% 54
\BOOKMARK [2][-]{IEEEbiography.6}{\376\377\000Q\000u\000y\000a\000n\000g\000\040\000P\000a\000n}{IEEEbiography.0}% 55
\BOOKMARK [2][-]{IEEEbiography.7}{\376\377\000B\000o\000\040\000G\000a\000o}{IEEEbiography.0}% 56
\BOOKMARK [2][-]{IEEEbiography.8}{\376\377\000T\000i\000a\000n\000\040\000W\000e\000n}{IEEEbiography.0}% 57
